V3 97
FL C:/Users/alexm_000/Documents/GitHub/FPGA_DESIGN/DIGITAL_SYTH_JAMMER/clk1.vhd 2018/01/10.00:39:07 P.58f
EN work/clk1 1515717342 \
      FL C:/Users/alexm_000/Documents/GitHub/FPGA_DESIGN/DIGITAL_SYTH_JAMMER/clk1.vhd \
      PB ieee/std_logic_1164 1364358218 PB ieee/NUMERIC_STD 1364358223 LB UNISIM \
      PH unisim/VCOMPONENTS 1364358225
AR work/clk1/BEHAVIORAL 1515717343 \
      FL C:/Users/alexm_000/Documents/GitHub/FPGA_DESIGN/DIGITAL_SYTH_JAMMER/clk1.vhd \
      EN work/clk1 1515717342 CP BUFG CP IBUFG CP DCM_SP
FL C:/Users/alexm_000/Documents/GitHub/FPGA_DESIGN/DIGITAL_SYTH_JAMMER/clk2.vhd 2018/01/08.21:48:19 P.58f
EN work/clk2 1515717382 \
      FL C:/Users/alexm_000/Documents/GitHub/FPGA_DESIGN/DIGITAL_SYTH_JAMMER/clk2.vhd \
      PB ieee/std_logic_1164 1364358218 PB ieee/NUMERIC_STD 1364358223 LB UNISIM \
      PH unisim/VCOMPONENTS 1364358225
AR work/clk2/BEHAVIORAL 1515717383 \
      FL C:/Users/alexm_000/Documents/GitHub/FPGA_DESIGN/DIGITAL_SYTH_JAMMER/clk2.vhd \
      EN work/clk2 1515717382 CP BUFG CP IBUFG CP DCM_SP
FL C:/Users/alexm_000/Documents/GitHub/FPGA_DESIGN/DIGITAL_SYTH_JAMMER/CONTROLLER.vhd 2018/01/11.14:19:26 P.58f
EN work/CONTROLLER 1515717376 \
      FL C:/Users/alexm_000/Documents/GitHub/FPGA_DESIGN/DIGITAL_SYTH_JAMMER/CONTROLLER.vhd \
      PB ieee/std_logic_1164 1364358218 PB ieee/STD_LOGIC_UNSIGNED 1364358221
AR work/CONTROLLER/Behavioral 1515717377 \
      FL C:/Users/alexm_000/Documents/GitHub/FPGA_DESIGN/DIGITAL_SYTH_JAMMER/CONTROLLER.vhd \
      EN work/CONTROLLER 1515717376
FL C:/Users/alexm_000/Documents/GitHub/FPGA_DESIGN/DIGITAL_SYTH_JAMMER/CONTROLLER_FAST.vhd 2017/12/21.13:16:50 P.58f
EN work/CONTROLLER_FAST 1515569829 \
      FL C:/Users/alexm_000/Documents/GitHub/FPGA_DESIGN/DIGITAL_SYTH_JAMMER/CONTROLLER_FAST.vhd \
      PB ieee/std_logic_1164 1364358218 PB ieee/STD_LOGIC_UNSIGNED 1364358221
AR work/CONTROLLER_FAST/Behavioral 1515569830 \
      FL C:/Users/alexm_000/Documents/GitHub/FPGA_DESIGN/DIGITAL_SYTH_JAMMER/CONTROLLER_FAST.vhd \
      EN work/CONTROLLER_FAST 1515569829
FL C:/Users/alexm_000/Documents/GitHub/FPGA_DESIGN/DIGITAL_SYTH_JAMMER/ipcore_dir/FIFO.vhd 2018/01/09.11:25:41 P.58f
EN work/FIFO 1515717380 \
      FL C:/Users/alexm_000/Documents/GitHub/FPGA_DESIGN/DIGITAL_SYTH_JAMMER/ipcore_dir/FIFO.vhd \
      PB ieee/std_logic_1164 1364358218
AR work/FIFO/FIFO_a 1515717381 \
      FL C:/Users/alexm_000/Documents/GitHub/FPGA_DESIGN/DIGITAL_SYTH_JAMMER/ipcore_dir/FIFO.vhd \
      EN work/FIFO 1515717380
FL C:/Users/alexm_000/Documents/GitHub/FPGA_DESIGN/DIGITAL_SYTH_JAMMER/ipcore_dir/PRE_FIFO.vhd 2018/01/09.12:24:23 P.58f
EN work/PRE_FIFO 1515569835 \
      FL C:/Users/alexm_000/Documents/GitHub/FPGA_DESIGN/DIGITAL_SYTH_JAMMER/ipcore_dir/PRE_FIFO.vhd \
      PB ieee/std_logic_1164 1364358218
AR work/PRE_FIFO/PRE_FIFO_a 1515569836 \
      FL C:/Users/alexm_000/Documents/GitHub/FPGA_DESIGN/DIGITAL_SYTH_JAMMER/ipcore_dir/PRE_FIFO.vhd \
      EN work/PRE_FIFO 1515569835
FL C:/Users/alexm_000/Documents/GitHub/FPGA_DESIGN/DIGITAL_SYTH_JAMMER/ROM_1.vhd 2017/12/19.19:06:47 P.58f
EN work/ROM_1 1515717344 \
      FL C:/Users/alexm_000/Documents/GitHub/FPGA_DESIGN/DIGITAL_SYTH_JAMMER/ROM_1.vhd \
      PB ieee/std_logic_1164 1364358218 PB ieee/STD_LOGIC_UNSIGNED 1364358221
AR work/ROM_1/syn 1515717345 \
      FL C:/Users/alexm_000/Documents/GitHub/FPGA_DESIGN/DIGITAL_SYTH_JAMMER/ROM_1.vhd \
      EN work/ROM_1 1515717344
FL C:/Users/alexm_000/Documents/GitHub/FPGA_DESIGN/DIGITAL_SYTH_JAMMER/ROM_10.vhd 2017/12/19.21:19:17 P.58f
EN work/ROM_10 1515717362 \
      FL C:/Users/alexm_000/Documents/GitHub/FPGA_DESIGN/DIGITAL_SYTH_JAMMER/ROM_10.vhd \
      PB ieee/std_logic_1164 1364358218 PB ieee/STD_LOGIC_UNSIGNED 1364358221
AR work/ROM_10/syn 1515717363 \
      FL C:/Users/alexm_000/Documents/GitHub/FPGA_DESIGN/DIGITAL_SYTH_JAMMER/ROM_10.vhd \
      EN work/ROM_10 1515717362
FL C:/Users/alexm_000/Documents/GitHub/FPGA_DESIGN/DIGITAL_SYTH_JAMMER/ROM_11.vhd 2017/12/19.21:19:17 P.58f
EN work/ROM_11 1515717364 \
      FL C:/Users/alexm_000/Documents/GitHub/FPGA_DESIGN/DIGITAL_SYTH_JAMMER/ROM_11.vhd \
      PB ieee/std_logic_1164 1364358218 PB ieee/STD_LOGIC_UNSIGNED 1364358221
AR work/ROM_11/syn 1515717365 \
      FL C:/Users/alexm_000/Documents/GitHub/FPGA_DESIGN/DIGITAL_SYTH_JAMMER/ROM_11.vhd \
      EN work/ROM_11 1515717364
FL C:/Users/alexm_000/Documents/GitHub/FPGA_DESIGN/DIGITAL_SYTH_JAMMER/ROM_12.vhd 2017/12/19.21:19:17 P.58f
EN work/ROM_12 1515717366 \
      FL C:/Users/alexm_000/Documents/GitHub/FPGA_DESIGN/DIGITAL_SYTH_JAMMER/ROM_12.vhd \
      PB ieee/std_logic_1164 1364358218 PB ieee/STD_LOGIC_UNSIGNED 1364358221
AR work/ROM_12/syn 1515717367 \
      FL C:/Users/alexm_000/Documents/GitHub/FPGA_DESIGN/DIGITAL_SYTH_JAMMER/ROM_12.vhd \
      EN work/ROM_12 1515717366
FL C:/Users/alexm_000/Documents/GitHub/FPGA_DESIGN/DIGITAL_SYTH_JAMMER/ROM_13.vhd 2017/12/19.21:19:17 P.58f
EN work/ROM_13 1515717368 \
      FL C:/Users/alexm_000/Documents/GitHub/FPGA_DESIGN/DIGITAL_SYTH_JAMMER/ROM_13.vhd \
      PB ieee/std_logic_1164 1364358218 PB ieee/STD_LOGIC_UNSIGNED 1364358221
AR work/ROM_13/syn 1515717369 \
      FL C:/Users/alexm_000/Documents/GitHub/FPGA_DESIGN/DIGITAL_SYTH_JAMMER/ROM_13.vhd \
      EN work/ROM_13 1515717368
FL C:/Users/alexm_000/Documents/GitHub/FPGA_DESIGN/DIGITAL_SYTH_JAMMER/ROM_14.vhd 2017/12/19.21:19:17 P.58f
EN work/ROM_14 1515717370 \
      FL C:/Users/alexm_000/Documents/GitHub/FPGA_DESIGN/DIGITAL_SYTH_JAMMER/ROM_14.vhd \
      PB ieee/std_logic_1164 1364358218 PB ieee/STD_LOGIC_UNSIGNED 1364358221
AR work/ROM_14/syn 1515717371 \
      FL C:/Users/alexm_000/Documents/GitHub/FPGA_DESIGN/DIGITAL_SYTH_JAMMER/ROM_14.vhd \
      EN work/ROM_14 1515717370
FL C:/Users/alexm_000/Documents/GitHub/FPGA_DESIGN/DIGITAL_SYTH_JAMMER/ROM_15.vhd 2017/12/19.21:19:17 P.58f
EN work/ROM_15 1515717372 \
      FL C:/Users/alexm_000/Documents/GitHub/FPGA_DESIGN/DIGITAL_SYTH_JAMMER/ROM_15.vhd \
      PB ieee/std_logic_1164 1364358218 PB ieee/STD_LOGIC_UNSIGNED 1364358221
AR work/ROM_15/syn 1515717373 \
      FL C:/Users/alexm_000/Documents/GitHub/FPGA_DESIGN/DIGITAL_SYTH_JAMMER/ROM_15.vhd \
      EN work/ROM_15 1515717372
FL C:/Users/alexm_000/Documents/GitHub/FPGA_DESIGN/DIGITAL_SYTH_JAMMER/ROM_16.vhd 2017/12/19.21:19:17 P.58f
EN work/ROM_16 1515717374 \
      FL C:/Users/alexm_000/Documents/GitHub/FPGA_DESIGN/DIGITAL_SYTH_JAMMER/ROM_16.vhd \
      PB ieee/std_logic_1164 1364358218 PB ieee/STD_LOGIC_UNSIGNED 1364358221
AR work/ROM_16/syn 1515717375 \
      FL C:/Users/alexm_000/Documents/GitHub/FPGA_DESIGN/DIGITAL_SYTH_JAMMER/ROM_16.vhd \
      EN work/ROM_16 1515717374
FL C:/Users/alexm_000/Documents/GitHub/FPGA_DESIGN/DIGITAL_SYTH_JAMMER/ROM_2.vhd 2017/12/19.21:19:17 P.58f
EN work/ROM_2 1515717346 \
      FL C:/Users/alexm_000/Documents/GitHub/FPGA_DESIGN/DIGITAL_SYTH_JAMMER/ROM_2.vhd \
      PB ieee/std_logic_1164 1364358218 PB ieee/STD_LOGIC_UNSIGNED 1364358221
AR work/ROM_2/syn 1515717347 \
      FL C:/Users/alexm_000/Documents/GitHub/FPGA_DESIGN/DIGITAL_SYTH_JAMMER/ROM_2.vhd \
      EN work/ROM_2 1515717346
FL C:/Users/alexm_000/Documents/GitHub/FPGA_DESIGN/DIGITAL_SYTH_JAMMER/ROM_3.vhd 2017/12/19.21:19:17 P.58f
EN work/ROM_3 1515717348 \
      FL C:/Users/alexm_000/Documents/GitHub/FPGA_DESIGN/DIGITAL_SYTH_JAMMER/ROM_3.vhd \
      PB ieee/std_logic_1164 1364358218 PB ieee/STD_LOGIC_UNSIGNED 1364358221
AR work/ROM_3/syn 1515717349 \
      FL C:/Users/alexm_000/Documents/GitHub/FPGA_DESIGN/DIGITAL_SYTH_JAMMER/ROM_3.vhd \
      EN work/ROM_3 1515717348
FL C:/Users/alexm_000/Documents/GitHub/FPGA_DESIGN/DIGITAL_SYTH_JAMMER/ROM_4.vhd 2017/12/19.21:19:17 P.58f
EN work/ROM_4 1515717350 \
      FL C:/Users/alexm_000/Documents/GitHub/FPGA_DESIGN/DIGITAL_SYTH_JAMMER/ROM_4.vhd \
      PB ieee/std_logic_1164 1364358218 PB ieee/STD_LOGIC_UNSIGNED 1364358221
AR work/ROM_4/syn 1515717351 \
      FL C:/Users/alexm_000/Documents/GitHub/FPGA_DESIGN/DIGITAL_SYTH_JAMMER/ROM_4.vhd \
      EN work/ROM_4 1515717350
FL C:/Users/alexm_000/Documents/GitHub/FPGA_DESIGN/DIGITAL_SYTH_JAMMER/ROM_5.vhd 2017/12/19.21:19:17 P.58f
EN work/ROM_5 1515717352 \
      FL C:/Users/alexm_000/Documents/GitHub/FPGA_DESIGN/DIGITAL_SYTH_JAMMER/ROM_5.vhd \
      PB ieee/std_logic_1164 1364358218 PB ieee/STD_LOGIC_UNSIGNED 1364358221
AR work/ROM_5/syn 1515717353 \
      FL C:/Users/alexm_000/Documents/GitHub/FPGA_DESIGN/DIGITAL_SYTH_JAMMER/ROM_5.vhd \
      EN work/ROM_5 1515717352
FL C:/Users/alexm_000/Documents/GitHub/FPGA_DESIGN/DIGITAL_SYTH_JAMMER/ROM_6.vhd 2017/12/19.21:19:17 P.58f
EN work/ROM_6 1515717354 \
      FL C:/Users/alexm_000/Documents/GitHub/FPGA_DESIGN/DIGITAL_SYTH_JAMMER/ROM_6.vhd \
      PB ieee/std_logic_1164 1364358218 PB ieee/STD_LOGIC_UNSIGNED 1364358221
AR work/ROM_6/syn 1515717355 \
      FL C:/Users/alexm_000/Documents/GitHub/FPGA_DESIGN/DIGITAL_SYTH_JAMMER/ROM_6.vhd \
      EN work/ROM_6 1515717354
FL C:/Users/alexm_000/Documents/GitHub/FPGA_DESIGN/DIGITAL_SYTH_JAMMER/ROM_7.vhd 2017/12/19.21:19:17 P.58f
EN work/ROM_7 1515717356 \
      FL C:/Users/alexm_000/Documents/GitHub/FPGA_DESIGN/DIGITAL_SYTH_JAMMER/ROM_7.vhd \
      PB ieee/std_logic_1164 1364358218 PB ieee/STD_LOGIC_UNSIGNED 1364358221
AR work/ROM_7/syn 1515717357 \
      FL C:/Users/alexm_000/Documents/GitHub/FPGA_DESIGN/DIGITAL_SYTH_JAMMER/ROM_7.vhd \
      EN work/ROM_7 1515717356
FL C:/Users/alexm_000/Documents/GitHub/FPGA_DESIGN/DIGITAL_SYTH_JAMMER/ROM_8.vhd 2017/12/19.21:19:17 P.58f
EN work/ROM_8 1515717358 \
      FL C:/Users/alexm_000/Documents/GitHub/FPGA_DESIGN/DIGITAL_SYTH_JAMMER/ROM_8.vhd \
      PB ieee/std_logic_1164 1364358218 PB ieee/STD_LOGIC_UNSIGNED 1364358221
AR work/ROM_8/syn 1515717359 \
      FL C:/Users/alexm_000/Documents/GitHub/FPGA_DESIGN/DIGITAL_SYTH_JAMMER/ROM_8.vhd \
      EN work/ROM_8 1515717358
FL C:/Users/alexm_000/Documents/GitHub/FPGA_DESIGN/DIGITAL_SYTH_JAMMER/ROM_9.vhd 2017/12/19.21:19:17 P.58f
EN work/ROM_9 1515717360 \
      FL C:/Users/alexm_000/Documents/GitHub/FPGA_DESIGN/DIGITAL_SYTH_JAMMER/ROM_9.vhd \
      PB ieee/std_logic_1164 1364358218 PB ieee/STD_LOGIC_UNSIGNED 1364358221
AR work/ROM_9/syn 1515717361 \
      FL C:/Users/alexm_000/Documents/GitHub/FPGA_DESIGN/DIGITAL_SYTH_JAMMER/ROM_9.vhd \
      EN work/ROM_9 1515717360
FL C:/Users/alexm_000/Documents/GitHub/FPGA_DESIGN/DIGITAL_SYTH_JAMMER/SUM_NORM.vhd 2018/01/11.15:33:36 P.58f
EN work/SUM_NORM 1515717378 \
      FL C:/Users/alexm_000/Documents/GitHub/FPGA_DESIGN/DIGITAL_SYTH_JAMMER/SUM_NORM.vhd \
      PB ieee/std_logic_1164 1364358218 PB ieee/STD_LOGIC_UNSIGNED 1364358221
AR work/SUM_NORM/Behavioral 1515717379 \
      FL C:/Users/alexm_000/Documents/GitHub/FPGA_DESIGN/DIGITAL_SYTH_JAMMER/SUM_NORM.vhd \
      EN work/SUM_NORM 1515717378
FL C:/Users/alexm_000/Documents/GitHub/FPGA_DESIGN/DIGITAL_SYTH_JAMMER/TOP_DAWG.vhd 2018/01/11.16:03:26 P.58f
EN work/TOP_DAWG 1515717384 \
      FL C:/Users/alexm_000/Documents/GitHub/FPGA_DESIGN/DIGITAL_SYTH_JAMMER/TOP_DAWG.vhd \
      PB ieee/std_logic_1164 1364358218 PB ieee/STD_LOGIC_UNSIGNED 1364358221 \
      PB ieee/NUMERIC_STD 1364358223
AR work/TOP_DAWG/Behavioral 1515717385 \
      FL C:/Users/alexm_000/Documents/GitHub/FPGA_DESIGN/DIGITAL_SYTH_JAMMER/TOP_DAWG.vhd \
      EN work/TOP_DAWG 1515717384 CP clk1 CP ROM_1 CP ROM_2 CP ROM_3 CP ROM_4 CP ROM_5 \
      CP ROM_6 CP ROM_7 CP ROM_8 CP ROM_9 CP ROM_10 CP ROM_11 CP ROM_12 CP ROM_13 \
      CP ROM_14 CP ROM_15 CP ROM_16 CP CONTROLLER CP SUM_NORM CP Divider CP FIFO
