V3 99
FL C:/Users/alexm_000/Documents/GitHub/FPGA_DESIGN/DIGITAL_SYTH_JAMMER/clk1.vhd 2017/12/20.15:42:23 P.58f
EN work/clk1 1515476503 \
      FL C:/Users/alexm_000/Documents/GitHub/FPGA_DESIGN/DIGITAL_SYTH_JAMMER/clk1.vhd \
      PB ieee/std_logic_1164 1364358218 PB ieee/NUMERIC_STD 1364358223 LB UNISIM \
      PH unisim/VCOMPONENTS 1364358225
AR work/clk1/BEHAVIORAL 1515476504 \
      FL C:/Users/alexm_000/Documents/GitHub/FPGA_DESIGN/DIGITAL_SYTH_JAMMER/clk1.vhd \
      EN work/clk1 1515476503 CP BUFG CP IBUFG CP DCM_SP
FL C:/Users/alexm_000/Documents/GitHub/FPGA_DESIGN/DIGITAL_SYTH_JAMMER/clk2.vhd 2018/01/08.21:32:18 P.58f
EN work/clk2 1515476505 \
      FL C:/Users/alexm_000/Documents/GitHub/FPGA_DESIGN/DIGITAL_SYTH_JAMMER/clk2.vhd \
      PB ieee/std_logic_1164 1364358218 PB ieee/NUMERIC_STD 1364358223 LB UNISIM \
      PH unisim/VCOMPONENTS 1364358225
AR work/clk2/BEHAVIORAL 1515476506 \
      FL C:/Users/alexm_000/Documents/GitHub/FPGA_DESIGN/DIGITAL_SYTH_JAMMER/clk2.vhd \
      EN work/clk2 1515476505 CP BUFG CP IBUFG CP DCM_SP
FL C:/Users/alexm_000/Documents/GitHub/FPGA_DESIGN/DIGITAL_SYTH_JAMMER/CONTROLLER.vhd 2018/01/08.21:24:21 P.58f
EN work/CONTROLLER_SLOW 1515476539 \
      FL C:/Users/alexm_000/Documents/GitHub/FPGA_DESIGN/DIGITAL_SYTH_JAMMER/CONTROLLER.vhd \
      PB ieee/std_logic_1164 1364358218 PB ieee/STD_LOGIC_UNSIGNED 1364358221
AR work/CONTROLLER_SLOW/Behavioral 1515476540 \
      FL C:/Users/alexm_000/Documents/GitHub/FPGA_DESIGN/DIGITAL_SYTH_JAMMER/CONTROLLER.vhd \
      EN work/CONTROLLER_SLOW 1515476539
FL C:/Users/alexm_000/Documents/GitHub/FPGA_DESIGN/DIGITAL_SYTH_JAMMER/CONTROLLER_FAST.vhd 2017/12/21.13:16:50 P.58f
EN work/CONTROLLER_FAST 1515476541 \
      FL C:/Users/alexm_000/Documents/GitHub/FPGA_DESIGN/DIGITAL_SYTH_JAMMER/CONTROLLER_FAST.vhd \
      PB ieee/std_logic_1164 1364358218 PB ieee/STD_LOGIC_UNSIGNED 1364358221
AR work/CONTROLLER_FAST/Behavioral 1515476542 \
      FL C:/Users/alexm_000/Documents/GitHub/FPGA_DESIGN/DIGITAL_SYTH_JAMMER/CONTROLLER_FAST.vhd \
      EN work/CONTROLLER_FAST 1515476541
FL C:/Users/alexm_000/Documents/GitHub/FPGA_DESIGN/DIGITAL_SYTH_JAMMER/ipcore_dir/FIFO.vhd 2017/12/21.13:13:03 P.58f
EN work/FIFO 1515476545 \
      FL C:/Users/alexm_000/Documents/GitHub/FPGA_DESIGN/DIGITAL_SYTH_JAMMER/ipcore_dir/FIFO.vhd \
      PB ieee/std_logic_1164 1364358218
AR work/FIFO/FIFO_a 1515476546 \
      FL C:/Users/alexm_000/Documents/GitHub/FPGA_DESIGN/DIGITAL_SYTH_JAMMER/ipcore_dir/FIFO.vhd \
      EN work/FIFO 1515476545
FL C:/Users/alexm_000/Documents/GitHub/FPGA_DESIGN/DIGITAL_SYTH_JAMMER/ipcore_dir/PRE_FIFO.vhd 2017/12/21.13:06:45 P.58f
EN work/PRE_FIFO 1515476547 \
      FL C:/Users/alexm_000/Documents/GitHub/FPGA_DESIGN/DIGITAL_SYTH_JAMMER/ipcore_dir/PRE_FIFO.vhd \
      PB ieee/std_logic_1164 1364358218
AR work/PRE_FIFO/PRE_FIFO_a 1515476548 \
      FL C:/Users/alexm_000/Documents/GitHub/FPGA_DESIGN/DIGITAL_SYTH_JAMMER/ipcore_dir/PRE_FIFO.vhd \
      EN work/PRE_FIFO 1515476547
FL C:/Users/alexm_000/Documents/GitHub/FPGA_DESIGN/DIGITAL_SYTH_JAMMER/ROM_1.vhd 2017/12/19.19:06:47 P.58f
EN work/ROM_1 1515476507 \
      FL C:/Users/alexm_000/Documents/GitHub/FPGA_DESIGN/DIGITAL_SYTH_JAMMER/ROM_1.vhd \
      PB ieee/std_logic_1164 1364358218 PB ieee/STD_LOGIC_UNSIGNED 1364358221
AR work/ROM_1/syn 1515476508 \
      FL C:/Users/alexm_000/Documents/GitHub/FPGA_DESIGN/DIGITAL_SYTH_JAMMER/ROM_1.vhd \
      EN work/ROM_1 1515476507
FL C:/Users/alexm_000/Documents/GitHub/FPGA_DESIGN/DIGITAL_SYTH_JAMMER/ROM_10.vhd 2017/12/19.21:19:17 P.58f
EN work/ROM_10 1515476525 \
      FL C:/Users/alexm_000/Documents/GitHub/FPGA_DESIGN/DIGITAL_SYTH_JAMMER/ROM_10.vhd \
      PB ieee/std_logic_1164 1364358218 PB ieee/STD_LOGIC_UNSIGNED 1364358221
AR work/ROM_10/syn 1515476526 \
      FL C:/Users/alexm_000/Documents/GitHub/FPGA_DESIGN/DIGITAL_SYTH_JAMMER/ROM_10.vhd \
      EN work/ROM_10 1515476525
FL C:/Users/alexm_000/Documents/GitHub/FPGA_DESIGN/DIGITAL_SYTH_JAMMER/ROM_11.vhd 2017/12/19.21:19:17 P.58f
EN work/ROM_11 1515476527 \
      FL C:/Users/alexm_000/Documents/GitHub/FPGA_DESIGN/DIGITAL_SYTH_JAMMER/ROM_11.vhd \
      PB ieee/std_logic_1164 1364358218 PB ieee/STD_LOGIC_UNSIGNED 1364358221
AR work/ROM_11/syn 1515476528 \
      FL C:/Users/alexm_000/Documents/GitHub/FPGA_DESIGN/DIGITAL_SYTH_JAMMER/ROM_11.vhd \
      EN work/ROM_11 1515476527
FL C:/Users/alexm_000/Documents/GitHub/FPGA_DESIGN/DIGITAL_SYTH_JAMMER/ROM_12.vhd 2017/12/19.21:19:17 P.58f
EN work/ROM_12 1515476529 \
      FL C:/Users/alexm_000/Documents/GitHub/FPGA_DESIGN/DIGITAL_SYTH_JAMMER/ROM_12.vhd \
      PB ieee/std_logic_1164 1364358218 PB ieee/STD_LOGIC_UNSIGNED 1364358221
AR work/ROM_12/syn 1515476530 \
      FL C:/Users/alexm_000/Documents/GitHub/FPGA_DESIGN/DIGITAL_SYTH_JAMMER/ROM_12.vhd \
      EN work/ROM_12 1515476529
FL C:/Users/alexm_000/Documents/GitHub/FPGA_DESIGN/DIGITAL_SYTH_JAMMER/ROM_13.vhd 2017/12/19.21:19:17 P.58f
EN work/ROM_13 1515476531 \
      FL C:/Users/alexm_000/Documents/GitHub/FPGA_DESIGN/DIGITAL_SYTH_JAMMER/ROM_13.vhd \
      PB ieee/std_logic_1164 1364358218 PB ieee/STD_LOGIC_UNSIGNED 1364358221
AR work/ROM_13/syn 1515476532 \
      FL C:/Users/alexm_000/Documents/GitHub/FPGA_DESIGN/DIGITAL_SYTH_JAMMER/ROM_13.vhd \
      EN work/ROM_13 1515476531
FL C:/Users/alexm_000/Documents/GitHub/FPGA_DESIGN/DIGITAL_SYTH_JAMMER/ROM_14.vhd 2017/12/19.21:19:17 P.58f
EN work/ROM_14 1515476533 \
      FL C:/Users/alexm_000/Documents/GitHub/FPGA_DESIGN/DIGITAL_SYTH_JAMMER/ROM_14.vhd \
      PB ieee/std_logic_1164 1364358218 PB ieee/STD_LOGIC_UNSIGNED 1364358221
AR work/ROM_14/syn 1515476534 \
      FL C:/Users/alexm_000/Documents/GitHub/FPGA_DESIGN/DIGITAL_SYTH_JAMMER/ROM_14.vhd \
      EN work/ROM_14 1515476533
FL C:/Users/alexm_000/Documents/GitHub/FPGA_DESIGN/DIGITAL_SYTH_JAMMER/ROM_15.vhd 2017/12/19.21:19:17 P.58f
EN work/ROM_15 1515476535 \
      FL C:/Users/alexm_000/Documents/GitHub/FPGA_DESIGN/DIGITAL_SYTH_JAMMER/ROM_15.vhd \
      PB ieee/std_logic_1164 1364358218 PB ieee/STD_LOGIC_UNSIGNED 1364358221
AR work/ROM_15/syn 1515476536 \
      FL C:/Users/alexm_000/Documents/GitHub/FPGA_DESIGN/DIGITAL_SYTH_JAMMER/ROM_15.vhd \
      EN work/ROM_15 1515476535
FL C:/Users/alexm_000/Documents/GitHub/FPGA_DESIGN/DIGITAL_SYTH_JAMMER/ROM_16.vhd 2017/12/19.21:19:17 P.58f
EN work/ROM_16 1515476537 \
      FL C:/Users/alexm_000/Documents/GitHub/FPGA_DESIGN/DIGITAL_SYTH_JAMMER/ROM_16.vhd \
      PB ieee/std_logic_1164 1364358218 PB ieee/STD_LOGIC_UNSIGNED 1364358221
AR work/ROM_16/syn 1515476538 \
      FL C:/Users/alexm_000/Documents/GitHub/FPGA_DESIGN/DIGITAL_SYTH_JAMMER/ROM_16.vhd \
      EN work/ROM_16 1515476537
FL C:/Users/alexm_000/Documents/GitHub/FPGA_DESIGN/DIGITAL_SYTH_JAMMER/ROM_2.vhd 2017/12/19.21:19:17 P.58f
EN work/ROM_2 1515476509 \
      FL C:/Users/alexm_000/Documents/GitHub/FPGA_DESIGN/DIGITAL_SYTH_JAMMER/ROM_2.vhd \
      PB ieee/std_logic_1164 1364358218 PB ieee/STD_LOGIC_UNSIGNED 1364358221
AR work/ROM_2/syn 1515476510 \
      FL C:/Users/alexm_000/Documents/GitHub/FPGA_DESIGN/DIGITAL_SYTH_JAMMER/ROM_2.vhd \
      EN work/ROM_2 1515476509
FL C:/Users/alexm_000/Documents/GitHub/FPGA_DESIGN/DIGITAL_SYTH_JAMMER/ROM_3.vhd 2017/12/19.21:19:17 P.58f
EN work/ROM_3 1515476511 \
      FL C:/Users/alexm_000/Documents/GitHub/FPGA_DESIGN/DIGITAL_SYTH_JAMMER/ROM_3.vhd \
      PB ieee/std_logic_1164 1364358218 PB ieee/STD_LOGIC_UNSIGNED 1364358221
AR work/ROM_3/syn 1515476512 \
      FL C:/Users/alexm_000/Documents/GitHub/FPGA_DESIGN/DIGITAL_SYTH_JAMMER/ROM_3.vhd \
      EN work/ROM_3 1515476511
FL C:/Users/alexm_000/Documents/GitHub/FPGA_DESIGN/DIGITAL_SYTH_JAMMER/ROM_4.vhd 2017/12/19.21:19:17 P.58f
EN work/ROM_4 1515476513 \
      FL C:/Users/alexm_000/Documents/GitHub/FPGA_DESIGN/DIGITAL_SYTH_JAMMER/ROM_4.vhd \
      PB ieee/std_logic_1164 1364358218 PB ieee/STD_LOGIC_UNSIGNED 1364358221
AR work/ROM_4/syn 1515476514 \
      FL C:/Users/alexm_000/Documents/GitHub/FPGA_DESIGN/DIGITAL_SYTH_JAMMER/ROM_4.vhd \
      EN work/ROM_4 1515476513
FL C:/Users/alexm_000/Documents/GitHub/FPGA_DESIGN/DIGITAL_SYTH_JAMMER/ROM_5.vhd 2017/12/19.21:19:17 P.58f
EN work/ROM_5 1515476515 \
      FL C:/Users/alexm_000/Documents/GitHub/FPGA_DESIGN/DIGITAL_SYTH_JAMMER/ROM_5.vhd \
      PB ieee/std_logic_1164 1364358218 PB ieee/STD_LOGIC_UNSIGNED 1364358221
AR work/ROM_5/syn 1515476516 \
      FL C:/Users/alexm_000/Documents/GitHub/FPGA_DESIGN/DIGITAL_SYTH_JAMMER/ROM_5.vhd \
      EN work/ROM_5 1515476515
FL C:/Users/alexm_000/Documents/GitHub/FPGA_DESIGN/DIGITAL_SYTH_JAMMER/ROM_6.vhd 2017/12/19.21:19:17 P.58f
EN work/ROM_6 1515476517 \
      FL C:/Users/alexm_000/Documents/GitHub/FPGA_DESIGN/DIGITAL_SYTH_JAMMER/ROM_6.vhd \
      PB ieee/std_logic_1164 1364358218 PB ieee/STD_LOGIC_UNSIGNED 1364358221
AR work/ROM_6/syn 1515476518 \
      FL C:/Users/alexm_000/Documents/GitHub/FPGA_DESIGN/DIGITAL_SYTH_JAMMER/ROM_6.vhd \
      EN work/ROM_6 1515476517
FL C:/Users/alexm_000/Documents/GitHub/FPGA_DESIGN/DIGITAL_SYTH_JAMMER/ROM_7.vhd 2017/12/19.21:19:17 P.58f
EN work/ROM_7 1515476519 \
      FL C:/Users/alexm_000/Documents/GitHub/FPGA_DESIGN/DIGITAL_SYTH_JAMMER/ROM_7.vhd \
      PB ieee/std_logic_1164 1364358218 PB ieee/STD_LOGIC_UNSIGNED 1364358221
AR work/ROM_7/syn 1515476520 \
      FL C:/Users/alexm_000/Documents/GitHub/FPGA_DESIGN/DIGITAL_SYTH_JAMMER/ROM_7.vhd \
      EN work/ROM_7 1515476519
FL C:/Users/alexm_000/Documents/GitHub/FPGA_DESIGN/DIGITAL_SYTH_JAMMER/ROM_8.vhd 2017/12/19.21:19:17 P.58f
EN work/ROM_8 1515476521 \
      FL C:/Users/alexm_000/Documents/GitHub/FPGA_DESIGN/DIGITAL_SYTH_JAMMER/ROM_8.vhd \
      PB ieee/std_logic_1164 1364358218 PB ieee/STD_LOGIC_UNSIGNED 1364358221
AR work/ROM_8/syn 1515476522 \
      FL C:/Users/alexm_000/Documents/GitHub/FPGA_DESIGN/DIGITAL_SYTH_JAMMER/ROM_8.vhd \
      EN work/ROM_8 1515476521
FL C:/Users/alexm_000/Documents/GitHub/FPGA_DESIGN/DIGITAL_SYTH_JAMMER/ROM_9.vhd 2017/12/19.21:19:17 P.58f
EN work/ROM_9 1515476523 \
      FL C:/Users/alexm_000/Documents/GitHub/FPGA_DESIGN/DIGITAL_SYTH_JAMMER/ROM_9.vhd \
      PB ieee/std_logic_1164 1364358218 PB ieee/STD_LOGIC_UNSIGNED 1364358221
AR work/ROM_9/syn 1515476524 \
      FL C:/Users/alexm_000/Documents/GitHub/FPGA_DESIGN/DIGITAL_SYTH_JAMMER/ROM_9.vhd \
      EN work/ROM_9 1515476523
FL C:/Users/alexm_000/Documents/GitHub/FPGA_DESIGN/DIGITAL_SYTH_JAMMER/SUM_NORM.vhd 2017/12/19.21:19:17 P.58f
EN work/SUM_NORM 1515476543 \
      FL C:/Users/alexm_000/Documents/GitHub/FPGA_DESIGN/DIGITAL_SYTH_JAMMER/SUM_NORM.vhd \
      PB ieee/std_logic_1164 1364358218 PB ieee/STD_LOGIC_UNSIGNED 1364358221
AR work/SUM_NORM/Behavioral 1515476544 \
      FL C:/Users/alexm_000/Documents/GitHub/FPGA_DESIGN/DIGITAL_SYTH_JAMMER/SUM_NORM.vhd \
      EN work/SUM_NORM 1515476543
FL C:/Users/alexm_000/Documents/GitHub/FPGA_DESIGN/DIGITAL_SYTH_JAMMER/TOP_DAWG.vhd 2018/01/08.21:33:03 P.58f
EN work/TOP_DAWG 1515476549 \
      FL C:/Users/alexm_000/Documents/GitHub/FPGA_DESIGN/DIGITAL_SYTH_JAMMER/TOP_DAWG.vhd \
      PB ieee/std_logic_1164 1364358218 PB ieee/STD_LOGIC_UNSIGNED 1364358221 \
      PB ieee/NUMERIC_STD 1364358223
AR work/TOP_DAWG/Behavioral 1515476550 \
      FL C:/Users/alexm_000/Documents/GitHub/FPGA_DESIGN/DIGITAL_SYTH_JAMMER/TOP_DAWG.vhd \
      EN work/TOP_DAWG 1515476549 CP clk1 CP clk2 CP ROM_1 CP ROM_2 CP ROM_3 CP ROM_4 \
      CP ROM_5 CP ROM_6 CP ROM_7 CP ROM_8 CP ROM_9 CP ROM_10 CP ROM_11 CP ROM_12 \
      CP ROM_13 CP ROM_14 CP ROM_15 CP ROM_16 CP CONTROLLER_SLOW CP CONTROLLER_FAST \
      CP SUM_NORM CP FIFO CP PRE_FIFO
